// Jest Snapshot v1, https://goo.gl/fbAQLP

exports[`RoverSelector rendering should not change 1`] = `
<div
  className="row"
  style={
    Object {
      "textAlign": "center",
    }
  }
>
  <div
    className="col-4 "
    data-testid="rover-div-spirit"
  >
    <strong>
      Spirit
    </strong>
    <br />
    <small>
      2004-01-05
       - 
      2010-03-21
    </small>
    <p>
      <input
        checked={true}
        data-testid="rover-selected"
        onChange={[Function]}
        type="checkbox"
      />
    </p>
  </div>
  <div
    className="col-4 "
    data-testid="rover-div-opportunity"
  >
    <strong>
      Opportunity
    </strong>
    <br />
    <small>
      2004-01-26
       - 
      2018-06-11
    </small>
    <p>
      <input
        checked={true}
        data-testid="rover-selected"
        onChange={[Function]}
        type="checkbox"
      />
    </p>
  </div>
  <div
    className="col-4 "
    data-testid="rover-div-curiosity"
  >
    <strong>
      Curiosity
    </strong>
    <br />
    <small>
      2012-08-07
       - 
      2019-09-28
    </small>
    <p>
      <input
        checked={true}
        data-testid="rover-selected"
        onChange={[Function]}
        type="checkbox"
      />
    </p>
  </div>
</div>
`;
